
Memory Configuration

Name             Origin             Length             Attributes
flash            0x08000000         0x00020000         xr
sram             0x20000000         0x00005000         xrw
*default*        0x00000000         0xffffffff

Linker script and memory map


.text           0x08000000      0x17c
 *(.vectors*)
 .vectors       0x08000000       0x1c startup.o
                0x08000000                vectors
 *(.text*)
 .text          0x0800001c       0xbc startup.o
                0x0800001c                Reset_Handler
                0x080000cc                MM_Fault_Handler
                0x080000cc                Bus_Fault
                0x080000cc                Default_Handler
                0x080000cc                H_fault_Handler
                0x080000cc                Usage_Fault_Handler
                0x080000cc                NMI_Handler
 .text          0x080000d8       0xa4 main.o
                0x080000d8                main
 *(.rodata)
                0x0800017c                _E_text = .

.glue_7         0x0800017c        0x0
 .glue_7        0x00000000        0x0 linker stubs

.glue_7t        0x0800017c        0x0
 .glue_7t       0x00000000        0x0 linker stubs

.vfp11_veneer   0x0800017c        0x0
 .vfp11_veneer  0x00000000        0x0 linker stubs

.v4_bx          0x0800017c        0x0
 .v4_bx         0x00000000        0x0 linker stubs

.iplt           0x0800017c        0x0
 .iplt          0x00000000        0x0 startup.o

.rel.dyn        0x0800017c        0x0
 .rel.iplt      0x00000000        0x0 startup.o

.data           0x20000000        0x0 load address 0x0800017c
                0x20000000                _S_DATA = .
 *(.data)
 .data          0x20000000        0x0 startup.o
 .data          0x20000000        0x0 main.o
                0x20000000                _E_DATA = .

.igot.plt       0x20000000        0x0 load address 0x0800017c
 .igot.plt      0x00000000        0x0 startup.o

.bss            0x20000000     0x1000 load address 0x0800017c
                0x20000000                _S_bss = .
 *(.bss*)
 .bss           0x20000000        0x0 startup.o
 .bss           0x20000000        0x0 main.o
                0x20000000                . = ALIGN (0x4)
                0x20000000                _E_bss = .
                0x20000000                . = ALIGN (0x4)
                0x20001000                . = (. + 0x1000)
 *fill*         0x20000000     0x1000 
                0x20001000                _stack_top = .
LOAD startup.o
LOAD main.o
OUTPUT(learn-in-depth.elf elf32-littlearm)

.debug_info     0x00000000      0x28a
 .debug_info    0x00000000      0x168 startup.o
 .debug_info    0x00000168      0x122 main.o

.debug_abbrev   0x00000000      0x18a
 .debug_abbrev  0x00000000       0xc2 startup.o
 .debug_abbrev  0x000000c2       0xc8 main.o

.debug_loc      0x00000000       0x9c
 .debug_loc     0x00000000       0x64 startup.o
 .debug_loc     0x00000064       0x38 main.o

.debug_aranges  0x00000000       0x40
 .debug_aranges
                0x00000000       0x20 startup.o
 .debug_aranges
                0x00000020       0x20 main.o

.debug_line     0x00000000      0x104
 .debug_line    0x00000000       0xad startup.o
 .debug_line    0x000000ad       0x57 main.o

.debug_str      0x00000000      0x15d
 .debug_str     0x00000000      0x120 startup.o
                                0x15d (size before relaxing)
 .debug_str     0x00000120       0x3d main.o
                                0x116 (size before relaxing)

.comment        0x00000000       0x11
 .comment       0x00000000       0x11 startup.o
                                 0x12 (size before relaxing)
 .comment       0x00000000       0x12 main.o

.ARM.attributes
                0x00000000       0x33
 .ARM.attributes
                0x00000000       0x33 startup.o
 .ARM.attributes
                0x00000033       0x33 main.o

.debug_frame    0x00000000       0x78
 .debug_frame   0x00000000       0x4c startup.o
 .debug_frame   0x0000004c       0x2c main.o
